
mysql> create table department(
    -> dno int not null,
    -> dname varchar(25)not null,
    -> primary key(dno));
Query OK, 0 rows affected (0.03 sec)

mysql> create table insturctor(
    -> ins_id int not null,
    -> ins_name varchar(20)not null,
    -> ins_phone int(20),
    -> dnum int not null,
    -> primary key(ins_id),
    -> foreign key(dnum)references department(dno));
Query OK, 0 rows affected, 1 warning (0.03 sec)

mysql> create table hod(
    -> hod_id int not null,
    -> hod_fname varchar(20),
    -> hod_lname varchar(25),
    -> dnumber int not null,
    -> primary key(hod_id),
    -> foreign key(dnumber)references department(dno),
    -> foreign key(hod_id0references instructor(ins_id));
ERROR 1064 (42000): You have an error in your SQL syntax; check the manual that corresponds to your MySQL server version for the right syntax to use near 'instructor(ins_id))' at line 8
mysql> create table hod(
    -> hod_id int not null,
    -> hod_fname varchar(20),
    -> hod_lname varchar(25),
    -> dnumber int not null,
    -> primary key(hod_id),
    -> foreign key(dnumber)references department(dno),
    -> foreign key(hod_id)references instructor(ins_id));
ERROR 1824 (HY000): Failed to open the referenced table 'instructor'
mysql> create table hod(
    -> hod_id int not null,
    -> hod_fname varchar(20),
    -> hod_lname varchar(25),
    -> dnumber int not null,
    -> primary key(hod_id),
    -> foreign key(dnumber)references department(dno),
    -> foreign key(hod_id)references instut(ins_id));
ERROR 1824 (HY000): Failed to open the referenced table 'instut'
mysql> create table hod(
    -> hod_id int not null,
    -> hod_fname varchar(20),
    -> hod_lname varchar(25),
    -> dnumber int not null,
    -> primary key(hod_id),
    -> foreign key(dnumber)references department(dno),
    -> foreign key(hod_id)references insturctor(ins_id));
Query OK, 0 rows affected (0.04 sec)

mysql> create table course(
    ->





